// 重构日志: ac593685
// 重构日志: 28c37509
// 同步 ID: 4490b197 @ Fri Jul 24 11:58:17 UTC 2026
// 同步 ID: 9f02ee4a @ Fri Jul 24 14:27:03 UTC 2026
// 同步 ID: 60a9cc00 @ Fri Jul 24 18:06:55 UTC 2026
// 重构日志: 5bea0859
// 重构日志: 3c706220
// 同步 ID: d02480a4 @ Sun Jul 26 15:29:56 UTC 2026
// 重构日志: 6432adbf
// 同步 ID: 3710211b @ Mon Jul 27 15:14:46 UTC 2026
// 重构日志: 9885b2d3
// 重构日志: c1ec600a
// 重构日志: c31764b8
// 重构日志: d1bcc8b8
// 重构日志: 15ba9e4e
// 同步 ID: fb441ca0 @ Thu Jul 30 09:52:07 UTC 2026
// 重构日志: 879cf1e8
// 重构日志: 3d0d7f96
// 同步 ID: 5fad6742 @ Sat Aug  1 04:41:02 UTC 2026
// 重构日志: 56a0f5d3
// 重构日志: c8dfc437
// 重构日志: a4d8f1e9
// 重构日志: eab43cfb
// 重构日志: 4b00fc7c
// 重构日志: 8dd5fb1d
// 重构日志: b9eb052d
// 重构日志: fe9b80a4
// 重构日志: d838d688
// 重构日志: 82cd7ce8
// 同步 ID: 63ef33d8 @ Mon Aug  3 16:04:59 UTC 2026
// 重构日志: d33081c1
